// Vitest Snapshot v1, https://vitest.dev/guide/snapshot.html

exports[`CLI > should display package report 1`] = `
"[36me18e[39m (cli <version>)

[90m┌[39m  Analyzing...
[90m│[39m
[34m●[39m  Summary
[90m│[39m  [36mPackage Name[39m        mock-package
[90m│[39m  [36mVersion[39m             1.0.0
[90m│[39m  [36mInstall Size[39m        170.0 B
[90m│[39m  [36mProd. Dependencies[39m  1
[90m│[39m  [36mDev. Dependencies[39m   0
[90m│[39m  [36mCJS Dependencies[39m    0
[90m│[39m  [36mESM Dependencies[39m    0
[90m│[39m
[34m●[39m  Results:
[90m│[39m
[90m│[39m  [34mSuggestions:[39m
[90m│[39m    [34m•[39m No type definitions found.
[90m│[39m
[90m│[39m
[90m└[39m  Done!

"
`;

exports[`CLI > should display package report 2`] = `""`;

exports[`CLI > should run successfully with default options 1`] = `
"[36me18e[39m (cli <version>)

[90m┌[39m  Analyzing...
[90m│[39m
[34m●[39m  Summary
[90m│[39m  [36mPackage Name[39m        mock-package
[90m│[39m  [36mVersion[39m             1.0.0
[90m│[39m  [36mInstall Size[39m        170.0 B
[90m│[39m  [36mProd. Dependencies[39m  1
[90m│[39m  [36mDev. Dependencies[39m   0
[90m│[39m  [36mCJS Dependencies[39m    0
[90m│[39m  [36mESM Dependencies[39m    0
[90m│[39m
[34m●[39m  Results:
[90m│[39m
[90m│[39m  [34mSuggestions:[39m
[90m│[39m    [34m•[39m No type definitions found.
[90m│[39m
[90m│[39m
[90m└[39m  Done!

"
`;
